// Jest Snapshot v1, https://goo.gl/fbAQLP

exports[`A Header Component should match snapshot component 1`] = `"<header class=\\"App-header\\"><div class=\\"App-header__group\\"><span class=\\"App-title\\">DeveloPets</span><span class=\\"App-header__group-intro\\">Introduce your animal buddies to your fellow developers</span></div><div class=\\"App__icons\\"><i aria-hidden=\\"true\\" class=\\"paw huge icon\\"></i><i aria-hidden=\\"true\\" class=\\"paw big icon App__icons--big\\"></i><i aria-hidden=\\"true\\" class=\\"paw big icon\\"></i></div></header>"`;
